interactions:
- request:
    body: null
    headers:
      Accept: ['*/*']
      Accept-Encoding: ['gzip, deflate']
      Connection: [keep-alive]
      User-Agent: [python-requests/2.17.3]
    method: GET
    uri: https://gitlab.com/api/v4/projects/gitmate-test-user%2Ftest/repository/commits/3fc4b86?User-Agent=GitMate
  response:
    body: {string: '{"id":"3fc4b860e0a2c17819934d678decacd914271e5c","short_id":"3fc4b860","title":"Update
        README.md","created_at":"2016-01-24T18:49:12.000+01:00","parent_ids":["674498fd415cfadc35c5eb28b8951e800f357c6f"],"message":"Update
        README.md","author_name":"gitmate-test-user","author_email":"hostmaster@gitmate.io","authored_date":"2016-01-24T18:49:12.000+01:00","committer_name":"gitmate-test-user","committer_email":"hostmaster@gitmate.io","committed_date":"2016-01-24T18:49:12.000+01:00","stats":{"additions":2,"deletions":0,"total":2},"status":"success"}'}
    headers:
      Cache-Control: ['max-age=0, private, must-revalidate']
      Content-Length: ['546']
      Content-Type: [application/json]
      Date: ['Fri, 09 Jun 2017 09:27:16 GMT']
      Etag: [W/"411d9df422770563367929acb0f752ba"]
      Server: [nginx]
      Strict-Transport-Security: [max-age=31536000]
      Vary: [Origin]
      X-Frame-Options: [SAMEORIGIN]
      X-Request-Id: [34607569-7af3-4496-80bb-85758e878e0b]
      X-Runtime: ['0.229779']
    status: {code: 200, message: OK}
- request:
    body: null
    headers:
      Accept: ['*/*']
      Accept-Encoding: ['gzip, deflate']
      Connection: [keep-alive]
      User-Agent: [python-requests/2.17.3]
    method: GET
    uri: https://gitlab.com/api/v4/projects/gitmate-test-user%2Ftest/repository/commits/674498fd415cfadc35c5eb28b8951e800f357c6f?User-Agent=GitMate
  response:
    body: {string: '{"id":"674498fd415cfadc35c5eb28b8951e800f357c6f","short_id":"674498fd","title":"Initial
        commit","created_at":"2016-01-13T08:56:15.000+01:00","parent_ids":[],"message":"Initial
        commit","author_name":"gitmate-test-user","author_email":"hostmaster@gitmate.io","authored_date":"2016-01-13T08:56:15.000+01:00","committer_name":"gitmate-test-user","committer_email":"hostmaster@gitmate.io","committed_date":"2016-01-13T08:56:15.000+01:00","stats":{"additions":2,"deletions":0,"total":2},"status":null}'}
    headers:
      Cache-Control: ['max-age=0, private, must-revalidate']
      Content-Length: ['495']
      Content-Type: [application/json]
      Date: ['Fri, 09 Jun 2017 09:27:37 GMT']
      Etag: [W/"e66299d60938039ffe985378e88e7fdf"]
      Server: [nginx]
      Strict-Transport-Security: [max-age=31536000]
      Vary: [Origin]
      X-Frame-Options: [SAMEORIGIN]
      X-Request-Id: [013f54ca-7a38-491a-8b5e-604fc47a24e8]
      X-Runtime: ['0.433470']
    status: {code: 200, message: OK}
- request:
    body: null
    headers:
      Accept: ['*/*']
      Accept-Encoding: ['gzip, deflate']
      Connection: [keep-alive]
      User-Agent: [python-requests/2.17.3]
    method: GET
    uri: https://gitlab.com/api/v4/projects/gitmate-test-user%2Ftest/repository/commits/3fc4b860e0a2c17819934d678decacd914271e5c?User-Agent=IGitt
  response:
    body: {string: '{"id":"3fc4b860e0a2c17819934d678decacd914271e5c","short_id":"3fc4b860","title":"Update
        README.md","created_at":"2016-01-24T18:49:12.000+01:00","parent_ids":["674498fd415cfadc35c5eb28b8951e800f357c6f"],"message":"Update
        README.md","author_name":"gitmate-test-user","author_email":"hostmaster@gitmate.io","authored_date":"2016-01-24T18:49:12.000+01:00","committer_name":"gitmate-test-user","committer_email":"hostmaster@gitmate.io","committed_date":"2016-01-24T18:49:12.000+01:00","stats":{"additions":2,"deletions":0,"total":2},"status":"failed"}'}
    headers:
      Cache-Control: ['max-age=0, private, must-revalidate']
      Content-Length: ['545']
      Content-Type: [application/json]
      Date: ['Wed, 14 Jun 2017 10:28:07 GMT']
      Etag: [W/"200566843747fb3d1f91b0292d0f6eae"]
      Server: [nginx]
      Strict-Transport-Security: [max-age=31536000]
      Vary: [Origin]
      X-Frame-Options: [SAMEORIGIN]
      X-Request-Id: [b83e5223-b82b-4f68-a5e2-074dabb54c9d]
      X-Runtime: ['0.205084']
    status: {code: 200, message: OK}
version: 1
