interactions:
- request:
    body: '{}'
    headers:
      Accept: ['*/*']
      Accept-Encoding: ['gzip, deflate']
      Connection: [keep-alive]
      Content-Length: ['2']
      Content-Type: [application/json]
      User-Agent: [python-requests/2.13.0]
    method: POST
    uri: https://api.github.com/repos/gitmate-test-user/test/forks?User-Agent=IGitt
  response:
    body: {string: '{"id":97278769,"name":"test","full_name":"coafile/test","owner":{"login":"coafile","id":29737679,"avatar_url":"https://avatars4.githubusercontent.com/u/29737679?v=4","gravatar_id":"","url":"https://api.github.com/users/coafile","html_url":"https://github.com/coafile","followers_url":"https://api.github.com/users/coafile/followers","following_url":"https://api.github.com/users/coafile/following{/other_user}","gists_url":"https://api.github.com/users/coafile/gists{/gist_id}","starred_url":"https://api.github.com/users/coafile/starred{/owner}{/repo}","subscriptions_url":"https://api.github.com/users/coafile/subscriptions","organizations_url":"https://api.github.com/users/coafile/orgs","repos_url":"https://api.github.com/users/coafile/repos","events_url":"https://api.github.com/users/coafile/events{/privacy}","received_events_url":"https://api.github.com/users/coafile/received_events","type":"User","site_admin":false},"private":false,"html_url":"https://github.com/coafile/test","description":"a
        test repo","fork":true,"url":"https://api.github.com/repos/coafile/test","forks_url":"https://api.github.com/repos/coafile/test/forks","keys_url":"https://api.github.com/repos/coafile/test/keys{/key_id}","collaborators_url":"https://api.github.com/repos/coafile/test/collaborators{/collaborator}","teams_url":"https://api.github.com/repos/coafile/test/teams","hooks_url":"https://api.github.com/repos/coafile/test/hooks","issue_events_url":"https://api.github.com/repos/coafile/test/issues/events{/number}","events_url":"https://api.github.com/repos/coafile/test/events","assignees_url":"https://api.github.com/repos/coafile/test/assignees{/user}","branches_url":"https://api.github.com/repos/coafile/test/branches{/branch}","tags_url":"https://api.github.com/repos/coafile/test/tags","blobs_url":"https://api.github.com/repos/coafile/test/git/blobs{/sha}","git_tags_url":"https://api.github.com/repos/coafile/test/git/tags{/sha}","git_refs_url":"https://api.github.com/repos/coafile/test/git/refs{/sha}","trees_url":"https://api.github.com/repos/coafile/test/git/trees{/sha}","statuses_url":"https://api.github.com/repos/coafile/test/statuses/{sha}","languages_url":"https://api.github.com/repos/coafile/test/languages","stargazers_url":"https://api.github.com/repos/coafile/test/stargazers","contributors_url":"https://api.github.com/repos/coafile/test/contributors","subscribers_url":"https://api.github.com/repos/coafile/test/subscribers","subscription_url":"https://api.github.com/repos/coafile/test/subscription","commits_url":"https://api.github.com/repos/coafile/test/commits{/sha}","git_commits_url":"https://api.github.com/repos/coafile/test/git/commits{/sha}","comments_url":"https://api.github.com/repos/coafile/test/comments{/number}","issue_comment_url":"https://api.github.com/repos/coafile/test/issues/comments{/number}","contents_url":"https://api.github.com/repos/coafile/test/contents/{+path}","compare_url":"https://api.github.com/repos/coafile/test/compare/{base}...{head}","merges_url":"https://api.github.com/repos/coafile/test/merges","archive_url":"https://api.github.com/repos/coafile/test/{archive_format}{/ref}","downloads_url":"https://api.github.com/repos/coafile/test/downloads","issues_url":"https://api.github.com/repos/coafile/test/issues{/number}","pulls_url":"https://api.github.com/repos/coafile/test/pulls{/number}","milestones_url":"https://api.github.com/repos/coafile/test/milestones{/number}","notifications_url":"https://api.github.com/repos/coafile/test/notifications{?since,all,participating}","labels_url":"https://api.github.com/repos/coafile/test/labels{/name}","releases_url":"https://api.github.com/repos/coafile/test/releases{/id}","deployments_url":"https://api.github.com/repos/coafile/test/deployments","created_at":"2017-07-14T23:05:43Z","updated_at":"2016-01-13T07:56:15Z","pushed_at":"2017-07-14T23:05:46Z","git_url":"git://github.com/coafile/test.git","ssh_url":"git@github.com:coafile/test.git","clone_url":"https://github.com/coafile/test.git","svn_url":"https://github.com/coafile/test","homepage":null,"size":1,"stargazers_count":0,"watchers_count":0,"language":null,"has_issues":false,"has_projects":true,"has_downloads":true,"has_wiki":true,"has_pages":false,"forks_count":0,"mirror_url":null,"open_issues_count":0,"forks":0,"open_issues":0,"watchers":0,"default_branch":"master","permissions":{"admin":true,"push":true,"pull":true},"parent":{"id":49558751,"name":"test","full_name":"gitmate-test-user/test","owner":{"login":"gitmate-test-user","id":16681030,"avatar_url":"https://avatars7.githubusercontent.com/u/16681030?v=4","gravatar_id":"","url":"https://api.github.com/users/gitmate-test-user","html_url":"https://github.com/gitmate-test-user","followers_url":"https://api.github.com/users/gitmate-test-user/followers","following_url":"https://api.github.com/users/gitmate-test-user/following{/other_user}","gists_url":"https://api.github.com/users/gitmate-test-user/gists{/gist_id}","starred_url":"https://api.github.com/users/gitmate-test-user/starred{/owner}{/repo}","subscriptions_url":"https://api.github.com/users/gitmate-test-user/subscriptions","organizations_url":"https://api.github.com/users/gitmate-test-user/orgs","repos_url":"https://api.github.com/users/gitmate-test-user/repos","events_url":"https://api.github.com/users/gitmate-test-user/events{/privacy}","received_events_url":"https://api.github.com/users/gitmate-test-user/received_events","type":"User","site_admin":false},"private":false,"html_url":"https://github.com/gitmate-test-user/test","description":"a
        test repo","fork":false,"url":"https://api.github.com/repos/gitmate-test-user/test","forks_url":"https://api.github.com/repos/gitmate-test-user/test/forks","keys_url":"https://api.github.com/repos/gitmate-test-user/test/keys{/key_id}","collaborators_url":"https://api.github.com/repos/gitmate-test-user/test/collaborators{/collaborator}","teams_url":"https://api.github.com/repos/gitmate-test-user/test/teams","hooks_url":"https://api.github.com/repos/gitmate-test-user/test/hooks","issue_events_url":"https://api.github.com/repos/gitmate-test-user/test/issues/events{/number}","events_url":"https://api.github.com/repos/gitmate-test-user/test/events","assignees_url":"https://api.github.com/repos/gitmate-test-user/test/assignees{/user}","branches_url":"https://api.github.com/repos/gitmate-test-user/test/branches{/branch}","tags_url":"https://api.github.com/repos/gitmate-test-user/test/tags","blobs_url":"https://api.github.com/repos/gitmate-test-user/test/git/blobs{/sha}","git_tags_url":"https://api.github.com/repos/gitmate-test-user/test/git/tags{/sha}","git_refs_url":"https://api.github.com/repos/gitmate-test-user/test/git/refs{/sha}","trees_url":"https://api.github.com/repos/gitmate-test-user/test/git/trees{/sha}","statuses_url":"https://api.github.com/repos/gitmate-test-user/test/statuses/{sha}","languages_url":"https://api.github.com/repos/gitmate-test-user/test/languages","stargazers_url":"https://api.github.com/repos/gitmate-test-user/test/stargazers","contributors_url":"https://api.github.com/repos/gitmate-test-user/test/contributors","subscribers_url":"https://api.github.com/repos/gitmate-test-user/test/subscribers","subscription_url":"https://api.github.com/repos/gitmate-test-user/test/subscription","commits_url":"https://api.github.com/repos/gitmate-test-user/test/commits{/sha}","git_commits_url":"https://api.github.com/repos/gitmate-test-user/test/git/commits{/sha}","comments_url":"https://api.github.com/repos/gitmate-test-user/test/comments{/number}","issue_comment_url":"https://api.github.com/repos/gitmate-test-user/test/issues/comments{/number}","contents_url":"https://api.github.com/repos/gitmate-test-user/test/contents/{+path}","compare_url":"https://api.github.com/repos/gitmate-test-user/test/compare/{base}...{head}","merges_url":"https://api.github.com/repos/gitmate-test-user/test/merges","archive_url":"https://api.github.com/repos/gitmate-test-user/test/{archive_format}{/ref}","downloads_url":"https://api.github.com/repos/gitmate-test-user/test/downloads","issues_url":"https://api.github.com/repos/gitmate-test-user/test/issues{/number}","pulls_url":"https://api.github.com/repos/gitmate-test-user/test/pulls{/number}","milestones_url":"https://api.github.com/repos/gitmate-test-user/test/milestones{/number}","notifications_url":"https://api.github.com/repos/gitmate-test-user/test/notifications{?since,all,participating}","labels_url":"https://api.github.com/repos/gitmate-test-user/test/labels{/name}","releases_url":"https://api.github.com/repos/gitmate-test-user/test/releases{/id}","deployments_url":"https://api.github.com/repos/gitmate-test-user/test/deployments","created_at":"2016-01-13T07:56:15Z","updated_at":"2016-01-13T07:56:15Z","pushed_at":"2017-07-09T20:40:56Z","git_url":"git://github.com/gitmate-test-user/test.git","ssh_url":"git@github.com:gitmate-test-user/test.git","clone_url":"https://github.com/gitmate-test-user/test.git","svn_url":"https://github.com/gitmate-test-user/test","homepage":null,"size":1,"stargazers_count":0,"watchers_count":0,"language":null,"has_issues":true,"has_projects":true,"has_downloads":true,"has_wiki":true,"has_pages":false,"forks_count":2,"mirror_url":null,"open_issues_count":91,"forks":2,"open_issues":91,"watchers":0,"default_branch":"master"},"source":{"id":49558751,"name":"test","full_name":"gitmate-test-user/test","owner":{"login":"gitmate-test-user","id":16681030,"avatar_url":"https://avatars7.githubusercontent.com/u/16681030?v=4","gravatar_id":"","url":"https://api.github.com/users/gitmate-test-user","html_url":"https://github.com/gitmate-test-user","followers_url":"https://api.github.com/users/gitmate-test-user/followers","following_url":"https://api.github.com/users/gitmate-test-user/following{/other_user}","gists_url":"https://api.github.com/users/gitmate-test-user/gists{/gist_id}","starred_url":"https://api.github.com/users/gitmate-test-user/starred{/owner}{/repo}","subscriptions_url":"https://api.github.com/users/gitmate-test-user/subscriptions","organizations_url":"https://api.github.com/users/gitmate-test-user/orgs","repos_url":"https://api.github.com/users/gitmate-test-user/repos","events_url":"https://api.github.com/users/gitmate-test-user/events{/privacy}","received_events_url":"https://api.github.com/users/gitmate-test-user/received_events","type":"User","site_admin":false},"private":false,"html_url":"https://github.com/gitmate-test-user/test","description":"a
        test repo","fork":false,"url":"https://api.github.com/repos/gitmate-test-user/test","forks_url":"https://api.github.com/repos/gitmate-test-user/test/forks","keys_url":"https://api.github.com/repos/gitmate-test-user/test/keys{/key_id}","collaborators_url":"https://api.github.com/repos/gitmate-test-user/test/collaborators{/collaborator}","teams_url":"https://api.github.com/repos/gitmate-test-user/test/teams","hooks_url":"https://api.github.com/repos/gitmate-test-user/test/hooks","issue_events_url":"https://api.github.com/repos/gitmate-test-user/test/issues/events{/number}","events_url":"https://api.github.com/repos/gitmate-test-user/test/events","assignees_url":"https://api.github.com/repos/gitmate-test-user/test/assignees{/user}","branches_url":"https://api.github.com/repos/gitmate-test-user/test/branches{/branch}","tags_url":"https://api.github.com/repos/gitmate-test-user/test/tags","blobs_url":"https://api.github.com/repos/gitmate-test-user/test/git/blobs{/sha}","git_tags_url":"https://api.github.com/repos/gitmate-test-user/test/git/tags{/sha}","git_refs_url":"https://api.github.com/repos/gitmate-test-user/test/git/refs{/sha}","trees_url":"https://api.github.com/repos/gitmate-test-user/test/git/trees{/sha}","statuses_url":"https://api.github.com/repos/gitmate-test-user/test/statuses/{sha}","languages_url":"https://api.github.com/repos/gitmate-test-user/test/languages","stargazers_url":"https://api.github.com/repos/gitmate-test-user/test/stargazers","contributors_url":"https://api.github.com/repos/gitmate-test-user/test/contributors","subscribers_url":"https://api.github.com/repos/gitmate-test-user/test/subscribers","subscription_url":"https://api.github.com/repos/gitmate-test-user/test/subscription","commits_url":"https://api.github.com/repos/gitmate-test-user/test/commits{/sha}","git_commits_url":"https://api.github.com/repos/gitmate-test-user/test/git/commits{/sha}","comments_url":"https://api.github.com/repos/gitmate-test-user/test/comments{/number}","issue_comment_url":"https://api.github.com/repos/gitmate-test-user/test/issues/comments{/number}","contents_url":"https://api.github.com/repos/gitmate-test-user/test/contents/{+path}","compare_url":"https://api.github.com/repos/gitmate-test-user/test/compare/{base}...{head}","merges_url":"https://api.github.com/repos/gitmate-test-user/test/merges","archive_url":"https://api.github.com/repos/gitmate-test-user/test/{archive_format}{/ref}","downloads_url":"https://api.github.com/repos/gitmate-test-user/test/downloads","issues_url":"https://api.github.com/repos/gitmate-test-user/test/issues{/number}","pulls_url":"https://api.github.com/repos/gitmate-test-user/test/pulls{/number}","milestones_url":"https://api.github.com/repos/gitmate-test-user/test/milestones{/number}","notifications_url":"https://api.github.com/repos/gitmate-test-user/test/notifications{?since,all,participating}","labels_url":"https://api.github.com/repos/gitmate-test-user/test/labels{/name}","releases_url":"https://api.github.com/repos/gitmate-test-user/test/releases{/id}","deployments_url":"https://api.github.com/repos/gitmate-test-user/test/deployments","created_at":"2016-01-13T07:56:15Z","updated_at":"2016-01-13T07:56:15Z","pushed_at":"2017-07-09T20:40:56Z","git_url":"git://github.com/gitmate-test-user/test.git","ssh_url":"git@github.com:gitmate-test-user/test.git","clone_url":"https://github.com/gitmate-test-user/test.git","svn_url":"https://github.com/gitmate-test-user/test","homepage":null,"size":1,"stargazers_count":0,"watchers_count":0,"language":null,"has_issues":true,"has_projects":true,"has_downloads":true,"has_wiki":true,"has_pages":false,"forks_count":2,"mirror_url":null,"open_issues_count":91,"forks":2,"open_issues":91,"watchers":0,"default_branch":"master"},"network_count":2,"subscribers_count":1}'}
    headers:
      Access-Control-Allow-Origin: ['*']
      Access-Control-Expose-Headers: ['ETag, Link, X-GitHub-OTP, X-RateLimit-Limit,
          X-RateLimit-Remaining, X-RateLimit-Reset, X-OAuth-Scopes, X-Accepted-OAuth-Scopes,
          X-Poll-Interval']
      Content-Length: ['14267']
      Content-Security-Policy: [default-src 'none']
      Content-Type: [application/json; charset=utf-8]
      Date: ['Fri, 14 Jul 2017 23:08:10 GMT']
      Server: [GitHub.com]
      Status: [202 Accepted]
      Strict-Transport-Security: [max-age=31536000; includeSubdomains; preload]
      X-Accepted-OAuth-Scopes: [repo]
      X-Content-Type-Options: [nosniff]
      X-Frame-Options: [deny]
      X-GitHub-Media-Type: [github.v3; format=json]
      X-GitHub-Request-Id: ['966F:3C7C:37B0AE:6C51F6:59694ED9']
      X-OAuth-Scopes: ['admin:gpg_key, admin:org, admin:org_hook, admin:public_key,
          admin:repo_hook, delete_repo, gist, notifications, repo, user']
      X-RateLimit-Limit: ['5000']
      X-RateLimit-Remaining: ['4993']
      X-RateLimit-Reset: ['1500076770']
      X-Runtime-rack: ['0.085727']
      X-XSS-Protection: [1; mode=block]
    status: {code: 202, message: Accepted}
- request:
    body: '{"path": ".coafile", "content": "SGVsbG8=", "branch": "master", "message":
      "Hello"}'
    headers:
      Accept: ['*/*']
      Accept-Encoding: ['gzip, deflate']
      Connection: [keep-alive]
      Content-Length: ['83']
      Content-Type: [application/json]
      User-Agent: [python-requests/2.13.0]
    method: PUT
    uri: https://api.github.com/repos/coafile/test/contents/.coafile?User-Agent=IGitt
  response:
    body: {string: '{"message":"Invalid request.\n\n\"sha\" wasn''t supplied.","documentation_url":"https://developer.github.com/v3/repos/contents/"}'}
    headers:
      Access-Control-Allow-Origin: ['*']
      Access-Control-Expose-Headers: ['ETag, Link, X-GitHub-OTP, X-RateLimit-Limit,
          X-RateLimit-Remaining, X-RateLimit-Reset, X-OAuth-Scopes, X-Accepted-OAuth-Scopes,
          X-Poll-Interval']
      Content-Length: ['128']
      Content-Security-Policy: [default-src 'none']
      Content-Type: [application/json; charset=utf-8]
      Date: ['Fri, 14 Jul 2017 23:08:13 GMT']
      Server: [GitHub.com]
      Status: [422 Unprocessable Entity]
      Strict-Transport-Security: [max-age=31536000; includeSubdomains; preload]
      X-Accepted-OAuth-Scopes: ['']
      X-Content-Type-Options: [nosniff]
      X-Frame-Options: [deny]
      X-GitHub-Media-Type: [github.v3; format=json]
      X-GitHub-Request-Id: ['AD19:3C80:6CEDB4:D6E793:59694EDB']
      X-OAuth-Scopes: ['admin:gpg_key, admin:org, admin:org_hook, admin:public_key,
          admin:repo_hook, delete_repo, gist, notifications, repo, user']
      X-RateLimit-Limit: ['5000']
      X-RateLimit-Remaining: ['4992']
      X-RateLimit-Reset: ['1500076770']
      X-Runtime-rack: ['0.039857']
      X-XSS-Protection: [1; mode=block]
    status: {code: 422, message: Unprocessable Entity}
- request:
    body: null
    headers:
      Accept: ['*/*']
      Accept-Encoding: ['gzip, deflate']
      Connection: [keep-alive]
      Content-Length: ['0']
      User-Agent: [python-requests/2.13.0]
    method: DELETE
    uri: https://api.github.com/repos/coafile/test?User-Agent=IGitt
  response:
    body: {string: ''}
    headers:
      Access-Control-Allow-Origin: ['*']
      Access-Control-Expose-Headers: ['ETag, Link, X-GitHub-OTP, X-RateLimit-Limit,
          X-RateLimit-Remaining, X-RateLimit-Reset, X-OAuth-Scopes, X-Accepted-OAuth-Scopes,
          X-Poll-Interval']
      Content-Security-Policy: [default-src 'none']
      Content-Type: [application/octet-stream]
      Date: ['Fri, 14 Jul 2017 23:08:15 GMT']
      Server: [GitHub.com]
      Status: [204 No Content]
      Strict-Transport-Security: [max-age=31536000; includeSubdomains; preload]
      X-Accepted-OAuth-Scopes: [delete_repo]
      X-Content-Type-Options: [nosniff]
      X-Frame-Options: [deny]
      X-GitHub-Media-Type: [github.v3; format=json]
      X-GitHub-Request-Id: ['B06E:3C80:6CEF73:D6EC06:59694EDE']
      X-OAuth-Scopes: ['admin:gpg_key, admin:org, admin:org_hook, admin:public_key,
          admin:repo_hook, delete_repo, gist, notifications, repo, user']
      X-RateLimit-Limit: ['5000']
      X-RateLimit-Remaining: ['4991']
      X-RateLimit-Reset: ['1500076770']
      X-Runtime-rack: ['0.077263']
      X-XSS-Protection: [1; mode=block]
    status: {code: 204, message: No Content}
- request:
    body: '{}'
    headers:
      Accept: ['*/*']
      Accept-Encoding: ['gzip, deflate']
      Connection: [keep-alive]
      Content-Length: ['2']
      Content-Type: [application/json]
      User-Agent: [python-requests/2.13.0]
    method: POST
    uri: https://api.github.com/repos/gitmate-test-user/test/forks?User-Agent=IGitt
  response:
    body: {string: '{"id":97278884,"name":"test","full_name":"coafile/test","owner":{"login":"coafile","id":29737679,"avatar_url":"https://avatars4.githubusercontent.com/u/29737679?v=4","gravatar_id":"","url":"https://api.github.com/users/coafile","html_url":"https://github.com/coafile","followers_url":"https://api.github.com/users/coafile/followers","following_url":"https://api.github.com/users/coafile/following{/other_user}","gists_url":"https://api.github.com/users/coafile/gists{/gist_id}","starred_url":"https://api.github.com/users/coafile/starred{/owner}{/repo}","subscriptions_url":"https://api.github.com/users/coafile/subscriptions","organizations_url":"https://api.github.com/users/coafile/orgs","repos_url":"https://api.github.com/users/coafile/repos","events_url":"https://api.github.com/users/coafile/events{/privacy}","received_events_url":"https://api.github.com/users/coafile/received_events","type":"User","site_admin":false},"private":false,"html_url":"https://github.com/coafile/test","description":"a
        test repo","fork":true,"url":"https://api.github.com/repos/coafile/test","forks_url":"https://api.github.com/repos/coafile/test/forks","keys_url":"https://api.github.com/repos/coafile/test/keys{/key_id}","collaborators_url":"https://api.github.com/repos/coafile/test/collaborators{/collaborator}","teams_url":"https://api.github.com/repos/coafile/test/teams","hooks_url":"https://api.github.com/repos/coafile/test/hooks","issue_events_url":"https://api.github.com/repos/coafile/test/issues/events{/number}","events_url":"https://api.github.com/repos/coafile/test/events","assignees_url":"https://api.github.com/repos/coafile/test/assignees{/user}","branches_url":"https://api.github.com/repos/coafile/test/branches{/branch}","tags_url":"https://api.github.com/repos/coafile/test/tags","blobs_url":"https://api.github.com/repos/coafile/test/git/blobs{/sha}","git_tags_url":"https://api.github.com/repos/coafile/test/git/tags{/sha}","git_refs_url":"https://api.github.com/repos/coafile/test/git/refs{/sha}","trees_url":"https://api.github.com/repos/coafile/test/git/trees{/sha}","statuses_url":"https://api.github.com/repos/coafile/test/statuses/{sha}","languages_url":"https://api.github.com/repos/coafile/test/languages","stargazers_url":"https://api.github.com/repos/coafile/test/stargazers","contributors_url":"https://api.github.com/repos/coafile/test/contributors","subscribers_url":"https://api.github.com/repos/coafile/test/subscribers","subscription_url":"https://api.github.com/repos/coafile/test/subscription","commits_url":"https://api.github.com/repos/coafile/test/commits{/sha}","git_commits_url":"https://api.github.com/repos/coafile/test/git/commits{/sha}","comments_url":"https://api.github.com/repos/coafile/test/comments{/number}","issue_comment_url":"https://api.github.com/repos/coafile/test/issues/comments{/number}","contents_url":"https://api.github.com/repos/coafile/test/contents/{+path}","compare_url":"https://api.github.com/repos/coafile/test/compare/{base}...{head}","merges_url":"https://api.github.com/repos/coafile/test/merges","archive_url":"https://api.github.com/repos/coafile/test/{archive_format}{/ref}","downloads_url":"https://api.github.com/repos/coafile/test/downloads","issues_url":"https://api.github.com/repos/coafile/test/issues{/number}","pulls_url":"https://api.github.com/repos/coafile/test/pulls{/number}","milestones_url":"https://api.github.com/repos/coafile/test/milestones{/number}","notifications_url":"https://api.github.com/repos/coafile/test/notifications{?since,all,participating}","labels_url":"https://api.github.com/repos/coafile/test/labels{/name}","releases_url":"https://api.github.com/repos/coafile/test/releases{/id}","deployments_url":"https://api.github.com/repos/coafile/test/deployments","created_at":"2017-07-14T23:08:18Z","updated_at":"2016-01-13T07:56:15Z","pushed_at":"2017-07-09T20:40:56Z","git_url":"git://github.com/coafile/test.git","ssh_url":"git@github.com:coafile/test.git","clone_url":"https://github.com/coafile/test.git","svn_url":"https://github.com/coafile/test","homepage":null,"size":1,"stargazers_count":0,"watchers_count":0,"language":null,"has_issues":false,"has_projects":true,"has_downloads":true,"has_wiki":true,"has_pages":false,"forks_count":0,"mirror_url":null,"open_issues_count":0,"forks":0,"open_issues":0,"watchers":0,"default_branch":"master","permissions":{"admin":true,"push":true,"pull":true},"parent":{"id":49558751,"name":"test","full_name":"gitmate-test-user/test","owner":{"login":"gitmate-test-user","id":16681030,"avatar_url":"https://avatars7.githubusercontent.com/u/16681030?v=4","gravatar_id":"","url":"https://api.github.com/users/gitmate-test-user","html_url":"https://github.com/gitmate-test-user","followers_url":"https://api.github.com/users/gitmate-test-user/followers","following_url":"https://api.github.com/users/gitmate-test-user/following{/other_user}","gists_url":"https://api.github.com/users/gitmate-test-user/gists{/gist_id}","starred_url":"https://api.github.com/users/gitmate-test-user/starred{/owner}{/repo}","subscriptions_url":"https://api.github.com/users/gitmate-test-user/subscriptions","organizations_url":"https://api.github.com/users/gitmate-test-user/orgs","repos_url":"https://api.github.com/users/gitmate-test-user/repos","events_url":"https://api.github.com/users/gitmate-test-user/events{/privacy}","received_events_url":"https://api.github.com/users/gitmate-test-user/received_events","type":"User","site_admin":false},"private":false,"html_url":"https://github.com/gitmate-test-user/test","description":"a
        test repo","fork":false,"url":"https://api.github.com/repos/gitmate-test-user/test","forks_url":"https://api.github.com/repos/gitmate-test-user/test/forks","keys_url":"https://api.github.com/repos/gitmate-test-user/test/keys{/key_id}","collaborators_url":"https://api.github.com/repos/gitmate-test-user/test/collaborators{/collaborator}","teams_url":"https://api.github.com/repos/gitmate-test-user/test/teams","hooks_url":"https://api.github.com/repos/gitmate-test-user/test/hooks","issue_events_url":"https://api.github.com/repos/gitmate-test-user/test/issues/events{/number}","events_url":"https://api.github.com/repos/gitmate-test-user/test/events","assignees_url":"https://api.github.com/repos/gitmate-test-user/test/assignees{/user}","branches_url":"https://api.github.com/repos/gitmate-test-user/test/branches{/branch}","tags_url":"https://api.github.com/repos/gitmate-test-user/test/tags","blobs_url":"https://api.github.com/repos/gitmate-test-user/test/git/blobs{/sha}","git_tags_url":"https://api.github.com/repos/gitmate-test-user/test/git/tags{/sha}","git_refs_url":"https://api.github.com/repos/gitmate-test-user/test/git/refs{/sha}","trees_url":"https://api.github.com/repos/gitmate-test-user/test/git/trees{/sha}","statuses_url":"https://api.github.com/repos/gitmate-test-user/test/statuses/{sha}","languages_url":"https://api.github.com/repos/gitmate-test-user/test/languages","stargazers_url":"https://api.github.com/repos/gitmate-test-user/test/stargazers","contributors_url":"https://api.github.com/repos/gitmate-test-user/test/contributors","subscribers_url":"https://api.github.com/repos/gitmate-test-user/test/subscribers","subscription_url":"https://api.github.com/repos/gitmate-test-user/test/subscription","commits_url":"https://api.github.com/repos/gitmate-test-user/test/commits{/sha}","git_commits_url":"https://api.github.com/repos/gitmate-test-user/test/git/commits{/sha}","comments_url":"https://api.github.com/repos/gitmate-test-user/test/comments{/number}","issue_comment_url":"https://api.github.com/repos/gitmate-test-user/test/issues/comments{/number}","contents_url":"https://api.github.com/repos/gitmate-test-user/test/contents/{+path}","compare_url":"https://api.github.com/repos/gitmate-test-user/test/compare/{base}...{head}","merges_url":"https://api.github.com/repos/gitmate-test-user/test/merges","archive_url":"https://api.github.com/repos/gitmate-test-user/test/{archive_format}{/ref}","downloads_url":"https://api.github.com/repos/gitmate-test-user/test/downloads","issues_url":"https://api.github.com/repos/gitmate-test-user/test/issues{/number}","pulls_url":"https://api.github.com/repos/gitmate-test-user/test/pulls{/number}","milestones_url":"https://api.github.com/repos/gitmate-test-user/test/milestones{/number}","notifications_url":"https://api.github.com/repos/gitmate-test-user/test/notifications{?since,all,participating}","labels_url":"https://api.github.com/repos/gitmate-test-user/test/labels{/name}","releases_url":"https://api.github.com/repos/gitmate-test-user/test/releases{/id}","deployments_url":"https://api.github.com/repos/gitmate-test-user/test/deployments","created_at":"2016-01-13T07:56:15Z","updated_at":"2016-01-13T07:56:15Z","pushed_at":"2017-07-09T20:40:56Z","git_url":"git://github.com/gitmate-test-user/test.git","ssh_url":"git@github.com:gitmate-test-user/test.git","clone_url":"https://github.com/gitmate-test-user/test.git","svn_url":"https://github.com/gitmate-test-user/test","homepage":null,"size":1,"stargazers_count":0,"watchers_count":0,"language":null,"has_issues":true,"has_projects":true,"has_downloads":true,"has_wiki":true,"has_pages":false,"forks_count":2,"mirror_url":null,"open_issues_count":91,"forks":2,"open_issues":91,"watchers":0,"default_branch":"master"},"source":{"id":49558751,"name":"test","full_name":"gitmate-test-user/test","owner":{"login":"gitmate-test-user","id":16681030,"avatar_url":"https://avatars7.githubusercontent.com/u/16681030?v=4","gravatar_id":"","url":"https://api.github.com/users/gitmate-test-user","html_url":"https://github.com/gitmate-test-user","followers_url":"https://api.github.com/users/gitmate-test-user/followers","following_url":"https://api.github.com/users/gitmate-test-user/following{/other_user}","gists_url":"https://api.github.com/users/gitmate-test-user/gists{/gist_id}","starred_url":"https://api.github.com/users/gitmate-test-user/starred{/owner}{/repo}","subscriptions_url":"https://api.github.com/users/gitmate-test-user/subscriptions","organizations_url":"https://api.github.com/users/gitmate-test-user/orgs","repos_url":"https://api.github.com/users/gitmate-test-user/repos","events_url":"https://api.github.com/users/gitmate-test-user/events{/privacy}","received_events_url":"https://api.github.com/users/gitmate-test-user/received_events","type":"User","site_admin":false},"private":false,"html_url":"https://github.com/gitmate-test-user/test","description":"a
        test repo","fork":false,"url":"https://api.github.com/repos/gitmate-test-user/test","forks_url":"https://api.github.com/repos/gitmate-test-user/test/forks","keys_url":"https://api.github.com/repos/gitmate-test-user/test/keys{/key_id}","collaborators_url":"https://api.github.com/repos/gitmate-test-user/test/collaborators{/collaborator}","teams_url":"https://api.github.com/repos/gitmate-test-user/test/teams","hooks_url":"https://api.github.com/repos/gitmate-test-user/test/hooks","issue_events_url":"https://api.github.com/repos/gitmate-test-user/test/issues/events{/number}","events_url":"https://api.github.com/repos/gitmate-test-user/test/events","assignees_url":"https://api.github.com/repos/gitmate-test-user/test/assignees{/user}","branches_url":"https://api.github.com/repos/gitmate-test-user/test/branches{/branch}","tags_url":"https://api.github.com/repos/gitmate-test-user/test/tags","blobs_url":"https://api.github.com/repos/gitmate-test-user/test/git/blobs{/sha}","git_tags_url":"https://api.github.com/repos/gitmate-test-user/test/git/tags{/sha}","git_refs_url":"https://api.github.com/repos/gitmate-test-user/test/git/refs{/sha}","trees_url":"https://api.github.com/repos/gitmate-test-user/test/git/trees{/sha}","statuses_url":"https://api.github.com/repos/gitmate-test-user/test/statuses/{sha}","languages_url":"https://api.github.com/repos/gitmate-test-user/test/languages","stargazers_url":"https://api.github.com/repos/gitmate-test-user/test/stargazers","contributors_url":"https://api.github.com/repos/gitmate-test-user/test/contributors","subscribers_url":"https://api.github.com/repos/gitmate-test-user/test/subscribers","subscription_url":"https://api.github.com/repos/gitmate-test-user/test/subscription","commits_url":"https://api.github.com/repos/gitmate-test-user/test/commits{/sha}","git_commits_url":"https://api.github.com/repos/gitmate-test-user/test/git/commits{/sha}","comments_url":"https://api.github.com/repos/gitmate-test-user/test/comments{/number}","issue_comment_url":"https://api.github.com/repos/gitmate-test-user/test/issues/comments{/number}","contents_url":"https://api.github.com/repos/gitmate-test-user/test/contents/{+path}","compare_url":"https://api.github.com/repos/gitmate-test-user/test/compare/{base}...{head}","merges_url":"https://api.github.com/repos/gitmate-test-user/test/merges","archive_url":"https://api.github.com/repos/gitmate-test-user/test/{archive_format}{/ref}","downloads_url":"https://api.github.com/repos/gitmate-test-user/test/downloads","issues_url":"https://api.github.com/repos/gitmate-test-user/test/issues{/number}","pulls_url":"https://api.github.com/repos/gitmate-test-user/test/pulls{/number}","milestones_url":"https://api.github.com/repos/gitmate-test-user/test/milestones{/number}","notifications_url":"https://api.github.com/repos/gitmate-test-user/test/notifications{?since,all,participating}","labels_url":"https://api.github.com/repos/gitmate-test-user/test/labels{/name}","releases_url":"https://api.github.com/repos/gitmate-test-user/test/releases{/id}","deployments_url":"https://api.github.com/repos/gitmate-test-user/test/deployments","created_at":"2016-01-13T07:56:15Z","updated_at":"2016-01-13T07:56:15Z","pushed_at":"2017-07-09T20:40:56Z","git_url":"git://github.com/gitmate-test-user/test.git","ssh_url":"git@github.com:gitmate-test-user/test.git","clone_url":"https://github.com/gitmate-test-user/test.git","svn_url":"https://github.com/gitmate-test-user/test","homepage":null,"size":1,"stargazers_count":0,"watchers_count":0,"language":null,"has_issues":true,"has_projects":true,"has_downloads":true,"has_wiki":true,"has_pages":false,"forks_count":2,"mirror_url":null,"open_issues_count":91,"forks":2,"open_issues":91,"watchers":0,"default_branch":"master"},"network_count":2,"subscribers_count":1}'}
    headers:
      Access-Control-Allow-Origin: ['*']
      Access-Control-Expose-Headers: ['ETag, Link, X-GitHub-OTP, X-RateLimit-Limit,
          X-RateLimit-Remaining, X-RateLimit-Reset, X-OAuth-Scopes, X-Accepted-OAuth-Scopes,
          X-Poll-Interval']
      Content-Length: ['14267']
      Content-Security-Policy: [default-src 'none']
      Content-Type: [application/json; charset=utf-8]
      Date: ['Fri, 14 Jul 2017 23:08:18 GMT']
      Server: [GitHub.com]
      Status: [202 Accepted]
      Strict-Transport-Security: [max-age=31536000; includeSubdomains; preload]
      X-Accepted-OAuth-Scopes: [repo]
      X-Content-Type-Options: [nosniff]
      X-Frame-Options: [deny]
      X-GitHub-Media-Type: [github.v3; format=json]
      X-GitHub-Request-Id: ['A453:3C80:6CF265:D6F113:59694EE1']
      X-OAuth-Scopes: ['admin:gpg_key, admin:org, admin:org_hook, admin:public_key,
          admin:repo_hook, delete_repo, gist, notifications, repo, user']
      X-RateLimit-Limit: ['5000']
      X-RateLimit-Remaining: ['4990']
      X-RateLimit-Reset: ['1500076770']
      X-Runtime-rack: ['0.149178']
      X-XSS-Protection: [1; mode=block]
    status: {code: 202, message: Accepted}
- request:
    body: '{"path": ".coafile", "content": "SGVsbG8=", "branch": "master", "message":
      "Hello"}'
    headers:
      Accept: ['*/*']
      Accept-Encoding: ['gzip, deflate']
      Connection: [keep-alive]
      Content-Length: ['83']
      Content-Type: [application/json]
      User-Agent: [python-requests/2.13.0]
    method: PUT
    uri: https://api.github.com/repos/coafile/test/contents/.coafile?User-Agent=IGitt
  response:
    body: {string: '{"content":{"name":".coafile","path":".coafile","sha":"5ab2f8a4323abafb10abb68657d9d39f1a775057","size":5,"url":"https://api.github.com/repos/coafile/test/contents/.coafile?ref=master","html_url":"https://github.com/coafile/test/blob/master/.coafile","git_url":"https://api.github.com/repos/coafile/test/git/blobs/5ab2f8a4323abafb10abb68657d9d39f1a775057","download_url":"https://raw.githubusercontent.com/coafile/test/master/.coafile","type":"file","_links":{"self":"https://api.github.com/repos/coafile/test/contents/.coafile?ref=master","git":"https://api.github.com/repos/coafile/test/git/blobs/5ab2f8a4323abafb10abb68657d9d39f1a775057","html":"https://github.com/coafile/test/blob/master/.coafile"}},"commit":{"sha":"2b0941350af4752632c9eb345e4122ecf4222dfd","url":"https://api.github.com/repos/coafile/test/git/commits/2b0941350af4752632c9eb345e4122ecf4222dfd","html_url":"https://github.com/coafile/test/commit/2b0941350af4752632c9eb345e4122ecf4222dfd","author":{"name":"coafile","email":"coafilecoala@gmail.com","date":"2017-07-14T23:08:22Z"},"committer":{"name":"coafile","email":"coafilecoala@gmail.com","date":"2017-07-14T23:08:22Z"},"tree":{"sha":"bc2b9c32e2db3b9e83ed5cbdcf523931c40f33c6","url":"https://api.github.com/repos/coafile/test/git/trees/bc2b9c32e2db3b9e83ed5cbdcf523931c40f33c6"},"message":"Hello","parents":[{"sha":"645961c0841a84c1dd2a58535aa70ad45be48c46","url":"https://api.github.com/repos/coafile/test/git/commits/645961c0841a84c1dd2a58535aa70ad45be48c46","html_url":"https://github.com/coafile/test/commit/645961c0841a84c1dd2a58535aa70ad45be48c46"}]}}'}
    headers:
      Access-Control-Allow-Origin: ['*']
      Access-Control-Expose-Headers: ['ETag, Link, X-GitHub-OTP, X-RateLimit-Limit,
          X-RateLimit-Remaining, X-RateLimit-Reset, X-OAuth-Scopes, X-Accepted-OAuth-Scopes,
          X-Poll-Interval']
      Cache-Control: ['private, max-age=60, s-maxage=60']
      Content-Length: ['1582']
      Content-Security-Policy: [default-src 'none']
      Content-Type: [application/json; charset=utf-8]
      Date: ['Fri, 14 Jul 2017 23:08:23 GMT']
      ETag: ['"69076d6cb84437bacfa9425f2d46e08d"']
      Server: [GitHub.com]
      Status: [201 Created]
      Strict-Transport-Security: [max-age=31536000; includeSubdomains; preload]
      Vary: ['Accept, Authorization, Cookie, X-GitHub-OTP']
      X-Accepted-OAuth-Scopes: ['']
      X-Content-Type-Options: [nosniff]
      X-Frame-Options: [deny]
      X-GitHub-Media-Type: [github.v3; format=json]
      X-GitHub-Request-Id: ['E66D:3C7D:4DDB11:91EDF8:59694EE5']
      X-OAuth-Scopes: ['admin:gpg_key, admin:org, admin:org_hook, admin:public_key,
          admin:repo_hook, delete_repo, gist, notifications, repo, user']
      X-RateLimit-Limit: ['5000']
      X-RateLimit-Remaining: ['4989']
      X-RateLimit-Reset: ['1500076770']
      X-Runtime-rack: ['0.601619']
      X-XSS-Protection: [1; mode=block]
    status: {code: 201, message: Created}
- request:
    body: '{"title": "add", "body": null, "head": "coafile:master", "base": "master"}'
    headers:
      Accept: ['*/*']
      Accept-Encoding: ['gzip, deflate']
      Connection: [keep-alive]
      Content-Length: ['74']
      Content-Type: [application/json]
      User-Agent: [python-requests/2.13.0]
    method: POST
    uri: https://api.github.com/repos/gitmate-test-user/test/pulls?User-Agent=IGitt
  response:
    body: {string: '{"url":"https://api.github.com/repos/gitmate-test-user/test/pulls/106","id":130690124,"html_url":"https://github.com/gitmate-test-user/test/pull/106","diff_url":"https://github.com/gitmate-test-user/test/pull/106.diff","patch_url":"https://github.com/gitmate-test-user/test/pull/106.patch","issue_url":"https://api.github.com/repos/gitmate-test-user/test/issues/106","number":106,"state":"open","locked":false,"title":"add","user":{"login":"coafile","id":29737679,"avatar_url":"https://avatars4.githubusercontent.com/u/29737679?v=4","gravatar_id":"","url":"https://api.github.com/users/coafile","html_url":"https://github.com/coafile","followers_url":"https://api.github.com/users/coafile/followers","following_url":"https://api.github.com/users/coafile/following{/other_user}","gists_url":"https://api.github.com/users/coafile/gists{/gist_id}","starred_url":"https://api.github.com/users/coafile/starred{/owner}{/repo}","subscriptions_url":"https://api.github.com/users/coafile/subscriptions","organizations_url":"https://api.github.com/users/coafile/orgs","repos_url":"https://api.github.com/users/coafile/repos","events_url":"https://api.github.com/users/coafile/events{/privacy}","received_events_url":"https://api.github.com/users/coafile/received_events","type":"User","site_admin":false},"body":null,"created_at":"2017-07-14T23:08:26Z","updated_at":"2017-07-14T23:08:26Z","closed_at":null,"merged_at":null,"merge_commit_sha":null,"assignee":null,"assignees":[],"requested_reviewers":[],"milestone":null,"commits_url":"https://api.github.com/repos/gitmate-test-user/test/pulls/106/commits","review_comments_url":"https://api.github.com/repos/gitmate-test-user/test/pulls/106/comments","review_comment_url":"https://api.github.com/repos/gitmate-test-user/test/pulls/comments{/number}","comments_url":"https://api.github.com/repos/gitmate-test-user/test/issues/106/comments","statuses_url":"https://api.github.com/repos/gitmate-test-user/test/statuses/2b0941350af4752632c9eb345e4122ecf4222dfd","head":{"label":"coafile:master","ref":"master","sha":"2b0941350af4752632c9eb345e4122ecf4222dfd","user":{"login":"coafile","id":29737679,"avatar_url":"https://avatars4.githubusercontent.com/u/29737679?v=4","gravatar_id":"","url":"https://api.github.com/users/coafile","html_url":"https://github.com/coafile","followers_url":"https://api.github.com/users/coafile/followers","following_url":"https://api.github.com/users/coafile/following{/other_user}","gists_url":"https://api.github.com/users/coafile/gists{/gist_id}","starred_url":"https://api.github.com/users/coafile/starred{/owner}{/repo}","subscriptions_url":"https://api.github.com/users/coafile/subscriptions","organizations_url":"https://api.github.com/users/coafile/orgs","repos_url":"https://api.github.com/users/coafile/repos","events_url":"https://api.github.com/users/coafile/events{/privacy}","received_events_url":"https://api.github.com/users/coafile/received_events","type":"User","site_admin":false},"repo":{"id":97278884,"name":"test","full_name":"coafile/test","owner":{"login":"coafile","id":29737679,"avatar_url":"https://avatars4.githubusercontent.com/u/29737679?v=4","gravatar_id":"","url":"https://api.github.com/users/coafile","html_url":"https://github.com/coafile","followers_url":"https://api.github.com/users/coafile/followers","following_url":"https://api.github.com/users/coafile/following{/other_user}","gists_url":"https://api.github.com/users/coafile/gists{/gist_id}","starred_url":"https://api.github.com/users/coafile/starred{/owner}{/repo}","subscriptions_url":"https://api.github.com/users/coafile/subscriptions","organizations_url":"https://api.github.com/users/coafile/orgs","repos_url":"https://api.github.com/users/coafile/repos","events_url":"https://api.github.com/users/coafile/events{/privacy}","received_events_url":"https://api.github.com/users/coafile/received_events","type":"User","site_admin":false},"private":false,"html_url":"https://github.com/coafile/test","description":"a
        test repo","fork":true,"url":"https://api.github.com/repos/coafile/test","forks_url":"https://api.github.com/repos/coafile/test/forks","keys_url":"https://api.github.com/repos/coafile/test/keys{/key_id}","collaborators_url":"https://api.github.com/repos/coafile/test/collaborators{/collaborator}","teams_url":"https://api.github.com/repos/coafile/test/teams","hooks_url":"https://api.github.com/repos/coafile/test/hooks","issue_events_url":"https://api.github.com/repos/coafile/test/issues/events{/number}","events_url":"https://api.github.com/repos/coafile/test/events","assignees_url":"https://api.github.com/repos/coafile/test/assignees{/user}","branches_url":"https://api.github.com/repos/coafile/test/branches{/branch}","tags_url":"https://api.github.com/repos/coafile/test/tags","blobs_url":"https://api.github.com/repos/coafile/test/git/blobs{/sha}","git_tags_url":"https://api.github.com/repos/coafile/test/git/tags{/sha}","git_refs_url":"https://api.github.com/repos/coafile/test/git/refs{/sha}","trees_url":"https://api.github.com/repos/coafile/test/git/trees{/sha}","statuses_url":"https://api.github.com/repos/coafile/test/statuses/{sha}","languages_url":"https://api.github.com/repos/coafile/test/languages","stargazers_url":"https://api.github.com/repos/coafile/test/stargazers","contributors_url":"https://api.github.com/repos/coafile/test/contributors","subscribers_url":"https://api.github.com/repos/coafile/test/subscribers","subscription_url":"https://api.github.com/repos/coafile/test/subscription","commits_url":"https://api.github.com/repos/coafile/test/commits{/sha}","git_commits_url":"https://api.github.com/repos/coafile/test/git/commits{/sha}","comments_url":"https://api.github.com/repos/coafile/test/comments{/number}","issue_comment_url":"https://api.github.com/repos/coafile/test/issues/comments{/number}","contents_url":"https://api.github.com/repos/coafile/test/contents/{+path}","compare_url":"https://api.github.com/repos/coafile/test/compare/{base}...{head}","merges_url":"https://api.github.com/repos/coafile/test/merges","archive_url":"https://api.github.com/repos/coafile/test/{archive_format}{/ref}","downloads_url":"https://api.github.com/repos/coafile/test/downloads","issues_url":"https://api.github.com/repos/coafile/test/issues{/number}","pulls_url":"https://api.github.com/repos/coafile/test/pulls{/number}","milestones_url":"https://api.github.com/repos/coafile/test/milestones{/number}","notifications_url":"https://api.github.com/repos/coafile/test/notifications{?since,all,participating}","labels_url":"https://api.github.com/repos/coafile/test/labels{/name}","releases_url":"https://api.github.com/repos/coafile/test/releases{/id}","deployments_url":"https://api.github.com/repos/coafile/test/deployments","created_at":"2017-07-14T23:08:18Z","updated_at":"2016-01-13T07:56:15Z","pushed_at":"2017-07-14T23:08:23Z","git_url":"git://github.com/coafile/test.git","ssh_url":"git@github.com:coafile/test.git","clone_url":"https://github.com/coafile/test.git","svn_url":"https://github.com/coafile/test","homepage":null,"size":1,"stargazers_count":0,"watchers_count":0,"language":null,"has_issues":false,"has_projects":true,"has_downloads":true,"has_wiki":true,"has_pages":false,"forks_count":0,"mirror_url":null,"open_issues_count":0,"forks":0,"open_issues":0,"watchers":0,"default_branch":"master"}},"base":{"label":"gitmate-test-user:master","ref":"master","sha":"645961c0841a84c1dd2a58535aa70ad45be48c46","user":{"login":"gitmate-test-user","id":16681030,"avatar_url":"https://avatars7.githubusercontent.com/u/16681030?v=4","gravatar_id":"","url":"https://api.github.com/users/gitmate-test-user","html_url":"https://github.com/gitmate-test-user","followers_url":"https://api.github.com/users/gitmate-test-user/followers","following_url":"https://api.github.com/users/gitmate-test-user/following{/other_user}","gists_url":"https://api.github.com/users/gitmate-test-user/gists{/gist_id}","starred_url":"https://api.github.com/users/gitmate-test-user/starred{/owner}{/repo}","subscriptions_url":"https://api.github.com/users/gitmate-test-user/subscriptions","organizations_url":"https://api.github.com/users/gitmate-test-user/orgs","repos_url":"https://api.github.com/users/gitmate-test-user/repos","events_url":"https://api.github.com/users/gitmate-test-user/events{/privacy}","received_events_url":"https://api.github.com/users/gitmate-test-user/received_events","type":"User","site_admin":false},"repo":{"id":49558751,"name":"test","full_name":"gitmate-test-user/test","owner":{"login":"gitmate-test-user","id":16681030,"avatar_url":"https://avatars7.githubusercontent.com/u/16681030?v=4","gravatar_id":"","url":"https://api.github.com/users/gitmate-test-user","html_url":"https://github.com/gitmate-test-user","followers_url":"https://api.github.com/users/gitmate-test-user/followers","following_url":"https://api.github.com/users/gitmate-test-user/following{/other_user}","gists_url":"https://api.github.com/users/gitmate-test-user/gists{/gist_id}","starred_url":"https://api.github.com/users/gitmate-test-user/starred{/owner}{/repo}","subscriptions_url":"https://api.github.com/users/gitmate-test-user/subscriptions","organizations_url":"https://api.github.com/users/gitmate-test-user/orgs","repos_url":"https://api.github.com/users/gitmate-test-user/repos","events_url":"https://api.github.com/users/gitmate-test-user/events{/privacy}","received_events_url":"https://api.github.com/users/gitmate-test-user/received_events","type":"User","site_admin":false},"private":false,"html_url":"https://github.com/gitmate-test-user/test","description":"a
        test repo","fork":false,"url":"https://api.github.com/repos/gitmate-test-user/test","forks_url":"https://api.github.com/repos/gitmate-test-user/test/forks","keys_url":"https://api.github.com/repos/gitmate-test-user/test/keys{/key_id}","collaborators_url":"https://api.github.com/repos/gitmate-test-user/test/collaborators{/collaborator}","teams_url":"https://api.github.com/repos/gitmate-test-user/test/teams","hooks_url":"https://api.github.com/repos/gitmate-test-user/test/hooks","issue_events_url":"https://api.github.com/repos/gitmate-test-user/test/issues/events{/number}","events_url":"https://api.github.com/repos/gitmate-test-user/test/events","assignees_url":"https://api.github.com/repos/gitmate-test-user/test/assignees{/user}","branches_url":"https://api.github.com/repos/gitmate-test-user/test/branches{/branch}","tags_url":"https://api.github.com/repos/gitmate-test-user/test/tags","blobs_url":"https://api.github.com/repos/gitmate-test-user/test/git/blobs{/sha}","git_tags_url":"https://api.github.com/repos/gitmate-test-user/test/git/tags{/sha}","git_refs_url":"https://api.github.com/repos/gitmate-test-user/test/git/refs{/sha}","trees_url":"https://api.github.com/repos/gitmate-test-user/test/git/trees{/sha}","statuses_url":"https://api.github.com/repos/gitmate-test-user/test/statuses/{sha}","languages_url":"https://api.github.com/repos/gitmate-test-user/test/languages","stargazers_url":"https://api.github.com/repos/gitmate-test-user/test/stargazers","contributors_url":"https://api.github.com/repos/gitmate-test-user/test/contributors","subscribers_url":"https://api.github.com/repos/gitmate-test-user/test/subscribers","subscription_url":"https://api.github.com/repos/gitmate-test-user/test/subscription","commits_url":"https://api.github.com/repos/gitmate-test-user/test/commits{/sha}","git_commits_url":"https://api.github.com/repos/gitmate-test-user/test/git/commits{/sha}","comments_url":"https://api.github.com/repos/gitmate-test-user/test/comments{/number}","issue_comment_url":"https://api.github.com/repos/gitmate-test-user/test/issues/comments{/number}","contents_url":"https://api.github.com/repos/gitmate-test-user/test/contents/{+path}","compare_url":"https://api.github.com/repos/gitmate-test-user/test/compare/{base}...{head}","merges_url":"https://api.github.com/repos/gitmate-test-user/test/merges","archive_url":"https://api.github.com/repos/gitmate-test-user/test/{archive_format}{/ref}","downloads_url":"https://api.github.com/repos/gitmate-test-user/test/downloads","issues_url":"https://api.github.com/repos/gitmate-test-user/test/issues{/number}","pulls_url":"https://api.github.com/repos/gitmate-test-user/test/pulls{/number}","milestones_url":"https://api.github.com/repos/gitmate-test-user/test/milestones{/number}","notifications_url":"https://api.github.com/repos/gitmate-test-user/test/notifications{?since,all,participating}","labels_url":"https://api.github.com/repos/gitmate-test-user/test/labels{/name}","releases_url":"https://api.github.com/repos/gitmate-test-user/test/releases{/id}","deployments_url":"https://api.github.com/repos/gitmate-test-user/test/deployments","created_at":"2016-01-13T07:56:15Z","updated_at":"2016-01-13T07:56:15Z","pushed_at":"2017-07-09T20:40:56Z","git_url":"git://github.com/gitmate-test-user/test.git","ssh_url":"git@github.com:gitmate-test-user/test.git","clone_url":"https://github.com/gitmate-test-user/test.git","svn_url":"https://github.com/gitmate-test-user/test","homepage":null,"size":1,"stargazers_count":0,"watchers_count":0,"language":null,"has_issues":true,"has_projects":true,"has_downloads":true,"has_wiki":true,"has_pages":false,"forks_count":2,"mirror_url":null,"open_issues_count":92,"forks":2,"open_issues":92,"watchers":0,"default_branch":"master"}},"_links":{"self":{"href":"https://api.github.com/repos/gitmate-test-user/test/pulls/106"},"html":{"href":"https://github.com/gitmate-test-user/test/pull/106"},"issue":{"href":"https://api.github.com/repos/gitmate-test-user/test/issues/106"},"comments":{"href":"https://api.github.com/repos/gitmate-test-user/test/issues/106/comments"},"review_comments":{"href":"https://api.github.com/repos/gitmate-test-user/test/pulls/106/comments"},"review_comment":{"href":"https://api.github.com/repos/gitmate-test-user/test/pulls/comments{/number}"},"commits":{"href":"https://api.github.com/repos/gitmate-test-user/test/pulls/106/commits"},"statuses":{"href":"https://api.github.com/repos/gitmate-test-user/test/statuses/2b0941350af4752632c9eb345e4122ecf4222dfd"}},"merged":false,"mergeable":null,"rebaseable":null,"mergeable_state":"unknown","merged_by":null,"comments":0,"review_comments":0,"maintainer_can_modify":true,"commits":1,"additions":1,"deletions":0,"changed_files":1}'}
    headers:
      Access-Control-Allow-Origin: ['*']
      Access-Control-Expose-Headers: ['ETag, Link, X-GitHub-OTP, X-RateLimit-Limit,
          X-RateLimit-Remaining, X-RateLimit-Reset, X-OAuth-Scopes, X-Accepted-OAuth-Scopes,
          X-Poll-Interval']
      Cache-Control: ['private, max-age=60, s-maxage=60']
      Content-Length: ['14304']
      Content-Security-Policy: [default-src 'none']
      Content-Type: [application/json; charset=utf-8]
      Date: ['Fri, 14 Jul 2017 23:08:27 GMT']
      ETag: ['"5526e06391e26ad7de32b013abb73797"']
      Location: ['https://api.github.com/repos/gitmate-test-user/test/pulls/106']
      Server: [GitHub.com]
      Status: [201 Created]
      Strict-Transport-Security: [max-age=31536000; includeSubdomains; preload]
      Vary: ['Accept, Authorization, Cookie, X-GitHub-OTP']
      X-Accepted-OAuth-Scopes: ['']
      X-Content-Type-Options: [nosniff]
      X-Frame-Options: [deny]
      X-GitHub-Media-Type: [github.v3; format=json]
      X-GitHub-Request-Id: ['BC07:3C7E:69FF56:BFB891:59694EE8']
      X-OAuth-Scopes: ['admin:gpg_key, admin:org, admin:org_hook, admin:public_key,
          admin:repo_hook, delete_repo, gist, notifications, repo, user']
      X-RateLimit-Limit: ['5000']
      X-RateLimit-Remaining: ['4988']
      X-RateLimit-Reset: ['1500076770']
      X-Runtime-rack: ['0.549210']
      X-XSS-Protection: [1; mode=block]
    status: {code: 201, message: Created}
version: 1
